[2025-10-29T13:53:46.215Z] === Icon Fetch Process Started ===
[2025-10-29T13:53:46.218Z] Total icons: 54
[2025-10-29T13:53:46.656Z] ✓ Successfully fetched: react (attempt 1)
[2025-10-29T13:53:46.734Z] ✓ Successfully fetched: vuedotjs (attempt 1)
[2025-10-29T13:53:46.791Z] ✓ Successfully fetched: angular (attempt 1)
[2025-10-29T13:53:46.854Z] ✓ Successfully fetched: svelte (attempt 1)
[2025-10-29T13:53:46.894Z] ✓ Successfully fetched: nextdotjs (attempt 1)
[2025-10-29T13:53:46.930Z] ✓ Successfully fetched: typescript (attempt 1)
[2025-10-29T13:53:46.964Z] ✓ Successfully fetched: javascript (attempt 1)
[2025-10-29T13:53:46.993Z] ✓ Successfully fetched: html5 (attempt 1)
[2025-10-29T13:53:47.033Z] ✓ Successfully fetched: css (attempt 1)
[2025-10-29T13:53:47.093Z] ✓ Successfully fetched: sass (attempt 1)
[2025-10-29T13:53:47.131Z] ✓ Successfully fetched: tailwindcss (attempt 1)
[2025-10-29T13:53:47.165Z] ✓ Successfully fetched: bootstrap (attempt 1)
[2025-10-29T13:53:47.196Z] ✓ Successfully fetched: mui (attempt 1)
[2025-10-29T13:53:47.233Z] ✓ Successfully fetched: chakraui (attempt 1)
[2025-10-29T13:53:47.263Z] ✓ Successfully fetched: webpack (attempt 1)
[2025-10-29T13:53:47.310Z] ✓ Successfully fetched: vite (attempt 1)
[2025-10-29T13:53:47.361Z] ✓ Successfully fetched: rollupdotjs (attempt 1)
[2025-10-29T13:53:47.430Z] ✓ Successfully fetched: babel (attempt 1)
[2025-10-29T13:53:47.473Z] ✓ Successfully fetched: eslint (attempt 1)
[2025-10-29T13:53:47.565Z] ✓ Successfully fetched: prettier (attempt 1)
[2025-10-29T13:53:47.637Z] ✓ Successfully fetched: jest (attempt 1)
[2025-10-29T13:53:47.723Z] ✓ Successfully fetched: vitest (attempt 1)
[2025-10-29T13:53:47.926Z] ✓ Successfully fetched: cypress (attempt 1)
[2025-10-29T13:53:48.026Z] ✓ Successfully fetched: git (attempt 1)
[2025-10-29T13:53:48.059Z] ✓ Successfully fetched: github (attempt 1)
[2025-10-29T13:53:48.100Z] ✓ Successfully fetched: gitlab (attempt 1)
[2025-10-29T13:53:48.139Z] ✓ Successfully fetched: docker (attempt 1)
[2025-10-29T13:53:48.175Z] ✓ Successfully fetched: kubernetes (attempt 1)
[2025-10-29T13:53:48.211Z] ✓ Successfully fetched: nodedotjs (attempt 1)
[2025-10-29T13:53:48.254Z] ✓ Successfully fetched: npm (attempt 1)
[2025-10-29T13:53:48.321Z] ✓ Successfully fetched: yarn (attempt 1)
[2025-10-29T13:53:48.361Z] ✓ Successfully fetched: pnpm (attempt 1)
[2025-10-29T13:53:48.391Z] ✓ Successfully fetched: figma (attempt 1)
[2025-10-29T13:53:48.429Z] ✓ Successfully fetched: storybook (attempt 1)
[2025-10-29T13:53:48.485Z] ✓ Successfully fetched: threedotjs (attempt 1)
[2025-10-29T13:53:48.523Z] ✓ Successfully fetched: mongodb (attempt 1)
[2025-10-29T13:53:48.570Z] ✓ Successfully fetched: postgresql (attempt 1)
[2025-10-29T13:53:48.783Z] ✓ Successfully fetched: redis (attempt 1)
[2025-10-29T13:53:48.808Z] ✓ Successfully fetched: graphql (attempt 1)
[2025-10-29T13:53:48.841Z] ✓ Successfully fetched: express (attempt 1)
[2025-10-29T13:53:48.878Z] ✓ Successfully fetched: vercel (attempt 1)
[2025-10-29T13:53:48.904Z] ✓ Successfully fetched: netlify (attempt 1)
[2025-10-29T13:53:49.030Z] ✓ Successfully fetched: digitalocean (attempt 1)
[2025-10-29T13:53:49.060Z] ✓ Successfully fetched: firebase (attempt 1)
[2025-10-29T13:53:49.088Z] ✓ Successfully fetched: redux (attempt 1)
[2025-10-29T13:53:49.112Z] ✓ Successfully fetched: recoil (attempt 1)
[2025-10-29T13:53:49.154Z] ✓ Successfully fetched: postman (attempt 1)
[2025-10-29T13:53:49.182Z] ✓ Successfully fetched: framer (attempt 1)
[2025-10-29T13:53:49.210Z] ✓ Successfully fetched: prisma (attempt 1)
[2025-10-29T13:53:49.241Z] ✓ Successfully fetched: socketdotio (attempt 1)
[2025-10-29T13:53:49.275Z] ✓ Successfully fetched: python (attempt 1)
[2025-10-29T13:53:49.300Z] ✓ Successfully fetched: rust (attempt 1)
[2025-10-29T13:53:49.329Z] ✓ Successfully fetched: go (attempt 1)
[2025-10-29T13:53:49.360Z] ✓ Successfully fetched: linux (attempt 1)
[2025-10-29T13:53:49.406Z] 
=== Fetch Summary ===
[2025-10-29T13:53:49.407Z] Successful: 54
[2025-10-29T13:53:49.407Z] Failed: 0
[2025-10-29T13:53:49.477Z] 
Successful icons:
[2025-10-29T13:53:49.478Z]   react
[2025-10-29T13:53:49.478Z]   vuedotjs
[2025-10-29T13:53:49.479Z]   angular
[2025-10-29T13:53:49.479Z]   svelte
[2025-10-29T13:53:49.483Z]   nextdotjs
[2025-10-29T13:53:49.490Z]   typescript
[2025-10-29T13:53:49.492Z]   javascript
[2025-10-29T13:53:49.492Z]   html5
[2025-10-29T13:53:49.495Z]   css
[2025-10-29T13:53:49.496Z]   sass
[2025-10-29T13:53:49.496Z]   tailwindcss
[2025-10-29T13:53:49.497Z]   bootstrap
[2025-10-29T13:53:49.498Z]   mui
[2025-10-29T13:53:49.498Z]   chakraui
[2025-10-29T13:53:49.499Z]   webpack
[2025-10-29T13:53:49.499Z]   vite
[2025-10-29T13:53:49.500Z]   rollupdotjs
[2025-10-29T13:53:49.506Z]   babel
[2025-10-29T13:53:49.507Z]   eslint
[2025-10-29T13:53:49.510Z]   prettier
[2025-10-29T13:53:49.510Z]   jest
[2025-10-29T13:53:49.512Z]   vitest
[2025-10-29T13:53:49.512Z]   cypress
[2025-10-29T13:53:49.513Z]   git
[2025-10-29T13:53:49.514Z]   github
[2025-10-29T13:53:49.514Z]   gitlab
[2025-10-29T13:53:49.515Z]   docker
[2025-10-29T13:53:49.515Z]   kubernetes
[2025-10-29T13:53:49.516Z]   nodedotjs
[2025-10-29T13:53:49.516Z]   npm
[2025-10-29T13:53:49.517Z]   yarn
[2025-10-29T13:53:49.517Z]   pnpm
[2025-10-29T13:53:49.522Z]   figma
[2025-10-29T13:53:49.523Z]   storybook
[2025-10-29T13:53:49.523Z]   threedotjs
[2025-10-29T13:53:49.524Z]   mongodb
[2025-10-29T13:53:49.525Z]   postgresql
[2025-10-29T13:53:49.526Z]   redis
[2025-10-29T13:53:49.527Z]   graphql
[2025-10-29T13:53:49.527Z]   express
[2025-10-29T13:53:49.528Z]   vercel
[2025-10-29T13:53:49.529Z]   netlify
[2025-10-29T13:53:49.529Z]   digitalocean
[2025-10-29T13:53:49.530Z]   firebase
[2025-10-29T13:53:49.530Z]   redux
[2025-10-29T13:53:49.531Z]   recoil
[2025-10-29T13:53:49.531Z]   postman
[2025-10-29T13:53:49.532Z]   framer
[2025-10-29T13:53:49.532Z]   prisma
[2025-10-29T13:53:49.533Z]   socketdotio
[2025-10-29T13:53:49.534Z]   python
[2025-10-29T13:53:49.534Z]   rust
[2025-10-29T13:53:49.538Z]   go
[2025-10-29T13:53:49.539Z]   linux
[2025-11-05T17:08:43.121Z] Starting skill icons download...
[2025-11-05T17:08:43.142Z] Downloading React icon from https://cdn.simpleicons.org/react...
[2025-11-05T17:08:43.272Z] Failed to download https://cdn.simpleicons.org/react. Retrying in 1000ms... (Attempt 1/3)
[2025-11-05T17:08:44.310Z] Failed to download https://cdn.simpleicons.org/react. Retrying in 2000ms... (Attempt 2/3)
[2025-11-05T17:08:46.355Z] Failed to download https://cdn.simpleicons.org/react. Retrying in 4000ms... (Attempt 3/3)
[2025-11-05T17:08:50.382Z] ✗ Failed to download React icon: HTTP 403: Forbidden
[2025-11-05T17:08:50.382Z] Downloading TypeScript icon from https://cdn.simpleicons.org/typescript...
[2025-11-05T17:08:50.412Z] Failed to download https://cdn.simpleicons.org/typescript. Retrying in 1000ms... (Attempt 1/3)
[2025-11-05T17:08:51.441Z] Failed to download https://cdn.simpleicons.org/typescript. Retrying in 2000ms... (Attempt 2/3)
[2025-11-05T17:08:53.479Z] Failed to download https://cdn.simpleicons.org/typescript. Retrying in 4000ms... (Attempt 3/3)
[2025-11-05T17:08:57.542Z] ✗ Failed to download TypeScript icon: HTTP 403: Forbidden
[2025-11-05T17:08:57.543Z] Downloading Node.js icon from https://cdn.simpleicons.org/nodedotjs...
[2025-11-05T17:08:57.580Z] Failed to download https://cdn.simpleicons.org/nodedotjs. Retrying in 1000ms... (Attempt 1/3)
[2025-11-05T17:08:58.639Z] Failed to download https://cdn.simpleicons.org/nodedotjs. Retrying in 2000ms... (Attempt 2/3)
[2025-11-05T17:09:00.667Z] Failed to download https://cdn.simpleicons.org/nodedotjs. Retrying in 4000ms... (Attempt 3/3)
[2025-11-05T17:09:04.698Z] ✗ Failed to download Node.js icon: HTTP 403: Forbidden
[2025-11-05T17:09:04.699Z] Downloading Three.js icon from https://cdn.simpleicons.org/threedotjs...
[2025-11-05T17:09:04.736Z] Failed to download https://cdn.simpleicons.org/threedotjs. Retrying in 1000ms... (Attempt 1/3)
[2025-11-05T17:09:05.779Z] Failed to download https://cdn.simpleicons.org/threedotjs. Retrying in 2000ms... (Attempt 2/3)
[2025-11-05T17:09:07.809Z] Failed to download https://cdn.simpleicons.org/threedotjs. Retrying in 4000ms... (Attempt 3/3)
[2025-11-05T17:09:11.853Z] ✗ Failed to download Three.js icon: HTTP 403: Forbidden
[2025-11-05T17:09:11.854Z] Downloading CSS3 icon from https://cdn.simpleicons.org/css3...
[2025-11-05T17:09:11.884Z] Failed to download https://cdn.simpleicons.org/css3. Retrying in 1000ms... (Attempt 1/3)
[2025-11-05T17:09:12.921Z] Failed to download https://cdn.simpleicons.org/css3. Retrying in 2000ms... (Attempt 2/3)
[2025-11-05T17:09:14.957Z] Failed to download https://cdn.simpleicons.org/css3. Retrying in 4000ms... (Attempt 3/3)
[2025-11-05T17:09:18.981Z] ✗ Failed to download CSS3 icon: HTTP 403: Forbidden
[2025-11-05T17:09:18.982Z] 
Download complete. 0/5 icons downloaded successfully.
[2025-11-05T17:09:18.982Z] Warning: 5 icon(s) failed to download. Check log for details.
[2025-11-05T17:10:53+00:00] Manual copy solution: Icons copied from assets/icons/svg/ to public/icons/skills/ due to CDN 403 errors
[2025-11-05T17:11:08+00:00] ✓ All 5 required icons successfully copied: react.svg, typescript.svg, nodedotjs.svg, threedotjs.svg, css3.svg
